// Jest Snapshot v1, https://goo.gl/fbAQLP

exports[`should render about component 1`] = `
<div>
  About page
</div>
`;
